// Jest Snapshot v1, https://goo.gl/fbAQLP

exports[`CategoryItemContainer renders properly 1`] = `
<p>
  otherValue
</p>
`;
