// Jest Snapshot v1, https://goo.gl/fbAQLP

exports[`Category Item Container renders properly 1`] = `
<Balance
  isLoading={false}
  onGetOverallBalance={[Function]}
  overallBalance={9000}
/>
`;
