// Jest Snapshot v1, https://goo.gl/fbAQLP

exports[`Login Container renders properly 1`] = `
<Component
  error={null}
  isLoading={false}
  onLogin={[Function]}
  onSubmitData={[Function]}
/>
`;
