// Jest Snapshot v1, https://goo.gl/fbAQLP

exports[`Balance renders properly 1`] = `
<styled.div>
  <styled.p>
     Current Balance 
  </styled.p>
  <styled.p>
    R$ 
     
  </styled.p>
</styled.div>
`;
