// Jest Snapshot v1, https://goo.gl/fbAQLP

exports[`Container renders properly 1`] = `
<Notification
  message="Something went wrong."
  onDismiss={[Function]}
  type="DANGER"
/>
`;
