// Jest Snapshot v1, https://goo.gl/fbAQLP

exports[`Header renders properly 1`] = `
<styled.header>
  <NavLink
    activeClassName="active"
    ariaCurrent="true"
    to="/"
  >
    <styled.div>
      Wallet's Logo
    </styled.div>
  </NavLink>
  <styled.div>
    Hi, 
    Lorem Foo
     â–¼
  </styled.div>
</styled.header>
`;
