// Jest Snapshot v1, https://goo.gl/fbAQLP

exports[`Category List renders properly 1`] = `
<List
  activeItemId={1}
  categoryList={
    Array [
      Object {
        "color": "lightblue",
        "id": 1,
        "name": "Food",
      },
      Object {
        "color": "lightsalmon",
        "id": 2,
        "name": "Home",
      },
    ]
  }
  handleActiveItem={[Function]}
  isLoading={false}
/>
`;
