// Jest Snapshot v1, https://goo.gl/fbAQLP

exports[`Root renders properly 1`] = `
<React.Fragment>
  <App />
</React.Fragment>
`;
