// Jest Snapshot v1, https://goo.gl/fbAQLP

exports[`Spinner renders properly 1`] = `
<styled.div>
  <styled.svg
    height={24}
    viewBox="0 0 50 50"
    width={24}
  >
    <styled.circle
      cx="25"
      cy="25"
      fill="none"
      r="15"
    />
  </styled.svg>
</styled.div>
`;
