// Jest Snapshot v1, https://goo.gl/fbAQLP

exports[`withFormInputHandler renders properly 1`] = `<withFormInputHandler />`;
