// Jest Snapshot v1, https://goo.gl/fbAQLP

exports[`SignupForm renders properly 1`] = `
<React.Fragment>
  <Redirect
    push={false}
    to="/"
  />
  <styled.h2>
    Create Account
  </styled.h2>
  <styled.form
    onSubmit={[Function]}
  >
    <styled.input
      name="name"
      onChange={[Function]}
      placeholder="Name"
      type="text"
      value=""
    />
    <styled.input
      name="email"
      onChange={[Function]}
      placeholder="Email"
      type="text"
      value=""
    />
    <styled.input
      name="password"
      onChange={[Function]}
      placeholder="Password"
      type="password"
      value=""
    />
    <styled.input
      name="passwordConfirmation"
      onChange={[Function]}
      placeholder="Confirm your password"
      type="password"
      value=""
    />
    <styled.button
      onClick={[Function]}
    >
      Sign Up
    </styled.button>
  </styled.form>
  <styled.div>
    Already have an account?
     
    <strong
      onClick={[Function]}
    >
      Log in here 
    </strong>
  </styled.div>
</React.Fragment>
`;
