// Jest Snapshot v1, https://goo.gl/fbAQLP

exports[`Input renders properly 1`] = `
<div>
  elementType is missing
</div>
`;
