// Jest Snapshot v1, https://goo.gl/fbAQLP

exports[`SignupFormContainer renders properly 1`] = `
<Component
  error={null}
  isLoading={false}
  onSignup={[Function]}
  submitData={[Function]}
/>
`;
