// Jest Snapshot v1, https://goo.gl/fbAQLP

exports[`Spinner renders properly 1`] = `
<styled.div>
  <styled.svg
    height={24}
    viewBox="0 0 48 48"
    width={24}
  >
    <styled.circle
      cx={24}
      cy={24}
      fill="none"
      r={12}
    />
  </styled.svg>
</styled.div>
`;
